<a href='Cat_3.html'>
<img width='1055' class='hcat'  src='img/Cat_3.jpg'>
</a>
<a href='Cat_11.html'>
<img width='1055' class='hcat'  src='img/Cat_11.jpg'>
</a>
<a href='Cat_1.html'>
<img width='348' class='vcat'  src='img/Cat_1.jpg'>
</a>
<a href='Cat_4.html'>
<img width='348' class='vcat'  src='img/Cat_4.jpg'>
</a>
<a href='Cat_5.html'>
<img width='348' class='vcat'  src='img/Cat_5.jpg'>
</a>
<a href='Cat_8.html'>
<img width='348' class='vcat'  src='img/Cat_8.jpg'>
</a>
<a href='Cat_9.html'>
<img width='348' class='vcat'  src='img/Cat_9.jpg'>
</a>
<a href='Cat_10.html'>
<img width='348' class='vcat'  src='img/Cat_10.jpg'>
</a>
<a href='Cat_12.html'>
<img width='348' class='vcat'  src='img/Cat_12.jpg'>
</a>
<a href='Cat_13.html'>
<img width='348' class='vcat'  src='img/Cat_13.jpg'>
</a>
<a href='Cat_14.html'>
<img width='348' class='vcat'  src='img/Cat_14.jpg'>
</a>
<a href='Cat_15.html'>
<img width='348' class='vcat'  src='img/Cat_15.jpg'>
</a>
<a href='Cat_7.html'>
<img width='348' class='vcat'  src='img/Cat_7.jpg'>
</a>
<a href='Cat_6.html'>
<img width='348' class='vcat'  src='img/Cat_6.jpg'>
</a>
<a href='Cat_2.html'>
<img width='1055' class='hcat'  src='img/Cat_2.jpg'>
</a>
<a href='Cat_16.html'>
<img width='1055' class='hcat'  src='img/Cat_16.jpg'>
</a>
<a href='Cat_17.html'>
<img width='1055' class='hcat'  src='img/Cat_17.jpg'>
</a>
<a href='Cat_18.html'>
<img width='348' class='vcat'  src='img/Cat_18.jpg'>
</a>
<a href='Cat_19.html'>
<img width='348' class='vcat'  src='img/Cat_19.jpg'>
</a>
<a href='Cat_22.html'>
<img width='348' class='vcat'  src='img/Cat_22.jpg'>
</a>
<a href='Cat_20.html'>
<img width='1055' class='hcat'  src='img/Cat_20.jpg'>
</a>
<a href='Cat_21.html'>
<img width='1055' class='hcat'  src='img/Cat_21.jpg'>
</a>
<a href='Cat_24.html'>
<img width='348' class='vcat'  src='img/Cat_24.jpg'>
</a>
<a href='Cat_25.html'>
<img width='348' class='vcat'  src='img/Cat_25.jpg'>
</a>
<a href='Cat_27.html'>
<img width='348' class='vcat'  src='img/Cat_27.jpg'>
</a>
<a href='Cat_26.html'>
<img width='1055' class='hcat'  src='img/Cat_26.jpg'>
</a>
<a href='Cat_23.html'>
<img width='348' class='vcat'  src='img/Cat_23.jpg'>
</a>
<a href='Cat_28.html'>
<img width='348' class='vcat'  src='img/Cat_28.jpg'>
</a>
<a href='Cat_29.html'>
<img width='348' class='vcat'  src='img/Cat_29.jpg'>
</a>
